    1          00000010	complex: 	.struct
    2          00000000	real:		.double	0.0
    3          00000008	imaginary:	.double	0.0
    4                  		.code
    5                   complex.add:
    6                   # complex:v0 complex::add(complex*arg1:a0,complex*arg2:a1)
    7                  		l.d	$f12,complex.real($a0)
    7 00400000 c48c0000		lwc1	$f12,complex.real($a0)
    7 00400004 c48d0004		lwc1	$f12+1,complex.real+4($a0)
    8                  		l.d	$f14,complex.imaginary($a0)
    8 00400008 c48e0008		lwc1	$f14,complex.imaginary($a0)
    8 0040000c c48f000c		lwc1	$f14+1,complex.imaginary+4($a0)
    9                  		l.d	$f16,complex.real($a1)
    9 00400010 c4b00000		lwc1	$f16,complex.real($a1)
    9 00400014 c4b10004		lwc1	$f16+1,complex.real+4($a1)
   10                  		l.d	$f18,complex.imaginary($a1)
   10 00400018 c4b20008		lwc1	$f18,complex.imaginary($a1)
   10 0040001c c4b3000c		lwc1	$f18+1,complex.imaginary+4($a1)
   11 00400020 46306000		add.d	$f0,$f12,$f16
   12 00400024 46327080		add.d	$f2,$f14,$f18
   13                  		s.d	$f0,complex.real($v0)
   13 00400028 e4400000		swc1	$f0,complex.real($v0)
   13 0040002c e4410004		swc1	$f0+1,complex.real+4($v0)
   14                  		s.d	$f2,complex.imaginary($v0)
   14 00400030 e4420008		swc1	$f2,complex.imaginary($v0)
   14 00400034 e443000c		swc1	$f2+1,complex.imaginary+4($v0)
   15 00400038 03e00008		jr	$ra
   16                   
   17                   complex.mul:
   18                   #complex:v0 complex::mul(complex * arg1:$a0,complex*arg2:a1)
   19                  		l.d	$f12,complex.real($a0)
   19 0040003c c48c0000		lwc1	$f12,complex.real($a0)
   19 00400040 c48d0004		lwc1	$f12+1,complex.real+4($a0)
   20                  		l.d	$f14,complex.imaginary($a0)
   20 00400044 c48e0008		lwc1	$f14,complex.imaginary($a0)
   20 00400048 c48f000c		lwc1	$f14+1,complex.imaginary+4($a0)
   21                  		l.d	$f16,complex.real($a1)
   21 0040004c c4b00000		lwc1	$f16,complex.real($a1)
   21 00400050 c4b10004		lwc1	$f16+1,complex.real+4($a1)
   22                  		l.d	$f18,complex.imaginary($a1)
   22 00400054 c4b20008		lwc1	$f18,complex.imaginary($a1)
   22 00400058 c4b3000c		lwc1	$f18+1,complex.imaginary+4($a1)
   23                   
   24                   	#imaginary times imagery 
   25 0040005c 46306002		mul.d	$f0,$f12,$f16 			#real and real
   26 00400060 46327082		mul.d	$f2,$f14,$f18 		       	#imagine and maignary
   27 00400064 46220001		sub.d	$f0,$f0,$f2 			#i*i is -1
   28                   	
   29 00400068 46307082		mul.d	$f2,$f14,$f16
   30 0040006c 46326102		mul.d	$f4,$f12,$f18
   31 00400070 46241080		add.d	$f2,$f2,$f4
   32                  		s.d	$f0,complex.real($v0)
   32 00400074 e4400000		swc1	$f0,complex.real($v0)
   32 00400078 e4410004		swc1	$f0+1,complex.real+4($v0)
   33                  		s.d	$f2,complex.imaginary($v0)
   33 0040007c e4420008		swc1	$f2,complex.imaginary($v0)
   33 00400080 e443000c		swc1	$f2+1,complex.imaginary+4($v0)
   34                   
   35 00400084 03e00008		jr	$ra
   36                   
   37                   complex.sub:
   38                   # complex:v0 complex::sub(complex*arg1:a0,complex*arg2:a1)
   39                  		l.d	$f12,complex.real($a0)
   39 00400088 c48c0000		lwc1	$f12,complex.real($a0)
   39 0040008c c48d0004		lwc1	$f12+1,complex.real+4($a0)
   40                  		l.d	$f14,complex.imaginary($a0)
   40 00400090 c48e0008		lwc1	$f14,complex.imaginary($a0)
   40 00400094 c48f000c		lwc1	$f14+1,complex.imaginary+4($a0)
   41                   
   42                  		l.d	$f16,complex.real($a1)
   42 00400098 c4b00000		lwc1	$f16,complex.real($a1)
   42 0040009c c4b10004		lwc1	$f16+1,complex.real+4($a1)
   43                  		l.d	$f18,complex.imaginary($a1)
   43 004000a0 c4b20008		lwc1	$f18,complex.imaginary($a1)
   43 004000a4 c4b3000c		lwc1	$f18+1,complex.imaginary+4($a1)
   44 004000a8 46306001		sub.d	$f0,$f12,$f16
   45 004000ac 46327081		sub.d	$f2,$f14,$f18
   46                  		s.d	$f0,complex.real($v0)
   46 004000b0 e4400000		swc1	$f0,complex.real($v0)
   46 004000b4 e4410004		swc1	$f0+1,complex.real+4($v0)
   47                  		s.d	$f2,complex.imaginary($v0)
   47 004000b8 e4420008		swc1	$f2,complex.imaginary($v0)
   47 004000bc e443000c		swc1	$f2+1,complex.imaginary+4($v0)
   48 004000c0 03e00008		jr	$ra
   49                   
   50                   complex.div:
   51                   #complex:v0 complex::div(complex*arg1:a0,complex*arg2:a2)
   52                   
   53                  		l.d	$f12,complex.real($a0)
   53 004000c4 c48c0000		lwc1	$f12,complex.real($a0)
   53 004000c8 c48d0004		lwc1	$f12+1,complex.real+4($a0)
   54                  		l.d	$f14,complex.imaginary($a0)
   54 004000cc c48e0008		lwc1	$f14,complex.imaginary($a0)
   54 004000d0 c48f000c		lwc1	$f14+1,complex.imaginary+4($a0)
   55                   
   56                  		l.d	$f16,complex.real($a1)
   56 004000d4 c4b00000		lwc1	$f16,complex.real($a1)
   56 004000d8 c4b10004		lwc1	$f16+1,complex.real+4($a1)
   57                  		l.d	$f18,complex.imaginary($a1)
   57 004000dc c4b20008		lwc1	$f18,complex.imaginary($a1)
   57 004000e0 c4b3000c		lwc1	$f18+1,complex.imaginary+4($a1)
   58                   
   59 004000e4 46306002		mul.d	$f0,$f12,$f16 	# a*c
   60 004000e8 46327082		mul.d	$f2,$f14,$f18 	# b*d
   61 004000ec 46220000		add.d	$f0,$f0,$f2 	# ac + bd
   62                   
   63 004000f0 46307082		mul.d	$f2,$f14,$f16	# bc
   64 004000f4 46326102		mul.d	$f4,$f12,$f18	# ad
   65 004000f8 46241081		sub.d	$f2,$f2,$f4	# bc-ad
   66                   
   67 004000fc 46308102		mul.d	$f4,$f16,$f16	#c^2
   68 00400100 46329202		mul.d	$f8,$f18,$f18	#d^2
   69                   
   70 00400104 46282100		add.d	$f4,$f4,$f8	#c^2+d^2
   71                   
   72 00400108 46240003		div.d	$f0,$f0,$f4	# whole real term
   73                   
   74 0040010c 46241083		div.d	$f2,$f2,$f4	# whole imaginary term
   75                   
   76                  		s.d	$f0,complex.real($v0)
   76 00400110 e4400000		swc1	$f0,complex.real($v0)
   76 00400114 e4410004		swc1	$f0+1,complex.real+4($v0)
   77                  		s.d	$f2,complex.imaginary($v0)
   77 00400118 e4420008		swc1	$f2,complex.imaginary($v0)
   77 0040011c e443000c		swc1	$f2+1,complex.imaginary+4($v0)
   78                   
   79 00400120 03e00008		jr	$ra
   80                   
   81                   
   82                   
   83                   
   84                   
   85                   
   86                   
   87                   
   88                   
   89                   #get a phasor input 
   90                   # gtive it a magniatude and angle convert that to complex 
   91                   
   92                   #write those routines to complex from phasor and than form phasor to complex
   93                   
   94                   # two routines one is polar ot rectangular
   95                   # other is rectangular to polar 
   96                   #polar being the phasor can also call it phasor 
   97                   
   98                   #get the source of the pynum FFT
   99                   main:
                 	